THE CLOSED LOOP
catalogue: 10 faults.  the law starts knowing 4 of them: NAMEERR, IMPORTERR, TYPEERR, INDEXERR

generation 1 authored from 5 events  (sphere: minimal in D∩I)

  NAMEERR      law says DEFINE_NAME            -> FIXED
  IMPORTERR    law says DEFINE_NAME            -> did not fix it
       measured the working repair by running: ADD_IMPORT
       re-author ABSTAINED -- the events contradict.
       asking the law what to do about it: ADD_STATE
       state added, generation 2 authored from 3 events (sphere: forced +-join — exact, minimality not proved)
       retry with the successor -> FIXED
  TYPEERR      law says SHIP                   -> did not fix it
       measured the working repair by running: CAST_TYPE
       AUTHOR_SUCCESSOR: generation 3 authored from 4 events (sphere: forced +-join — exact, minimality not proved)
       retry with the successor -> FIXED
  INDEXERR     law says GUARD_ZERO             -> did not fix it
       measured the working repair by running: GUARD_BOUNDS
       AUTHOR_SUCCESSOR: generation 4 authored from 5 events (sphere: forced +-join — exact, minimality not proved)
       retry with the successor -> FIXED
  ZERODIV      law says GUARD_ZERO             -> FIXED
  ATTRERR      law says ADD_ATTRIBUTE          -> FIXED
  VALUEERR     law says COERCE_VALUE           -> FIXED
  ASSERTERR    law says HARVEST_ASSERTION      -> FIXED
  RECURSION    law says RAISE_LIMIT            -> FIXED
  OUTPUTWRONG  law says TRACE_OUTPUT           -> FIXED

--------------------------------------------------------------
faults solved:            10 / 10
successors authored:      3
triggered by:             IMPORTERR, TYPEERR, INDEXERR
regressions on previously-solved faults: 0 -- none

faults NOT in the starting catalogue: 6, of which solved: 6
